###############################################################################
#
# IAR ELF Linker V8.22.1.15669/W32 for ARM                28/Feb/2018  22:48:45
# Copyright 2007-2018 IAR Systems AB.
#
#    Output file  =  
#        C:\Users\orange\Desktop\CH_PRO_IAR\CH_PRO\EWARM\CH_PRO\Exe\CH_PRO.out
#    Map file     =  
#        C:\Users\orange\Desktop\CH_PRO_IAR\CH_PRO\EWARM\CH_PRO\List\CH_PRO.map
#    Command line =  
#        -f C:\Users\orange\AppData\Local\Temp\EW27DF.tmp
#        (C:\Users\orange\Desktop\CH_PRO_IAR\CH_PRO\EWARM\CH_PRO\Obj\adc.o
#        C:\Users\orange\Desktop\CH_PRO_IAR\CH_PRO\EWARM\CH_PRO\Obj\App.o
#        C:\Users\orange\Desktop\CH_PRO_IAR\CH_PRO\EWARM\CH_PRO\Obj\bc95.o
#        C:\Users\orange\Desktop\CH_PRO_IAR\CH_PRO\EWARM\CH_PRO\Obj\cmsis_os.o
#        C:\Users\orange\Desktop\CH_PRO_IAR\CH_PRO\EWARM\CH_PRO\Obj\croutine.o
#        C:\Users\orange\Desktop\CH_PRO_IAR\CH_PRO\EWARM\CH_PRO\Obj\dma.o
#        C:\Users\orange\Desktop\CH_PRO_IAR\CH_PRO\EWARM\CH_PRO\Obj\event_groups.o
#        C:\Users\orange\Desktop\CH_PRO_IAR\CH_PRO\EWARM\CH_PRO\Obj\freertos.o
#        C:\Users\orange\Desktop\CH_PRO_IAR\CH_PRO\EWARM\CH_PRO\Obj\gpio.o
#        C:\Users\orange\Desktop\CH_PRO_IAR\CH_PRO\EWARM\CH_PRO\Obj\heap_4.o
#        C:\Users\orange\Desktop\CH_PRO_IAR\CH_PRO\EWARM\CH_PRO\Obj\list.o
#        C:\Users\orange\Desktop\CH_PRO_IAR\CH_PRO\EWARM\CH_PRO\Obj\main.o
#        C:\Users\orange\Desktop\CH_PRO_IAR\CH_PRO\EWARM\CH_PRO\Obj\port.o
#        C:\Users\orange\Desktop\CH_PRO_IAR\CH_PRO\EWARM\CH_PRO\Obj\portasm.o
#        C:\Users\orange\Desktop\CH_PRO_IAR\CH_PRO\EWARM\CH_PRO\Obj\queue.o
#        C:\Users\orange\Desktop\CH_PRO_IAR\CH_PRO\EWARM\CH_PRO\Obj\startup_stm32f103xb.o
#        C:\Users\orange\Desktop\CH_PRO_IAR\CH_PRO\EWARM\CH_PRO\Obj\stm32f1xx_hal.o
#        C:\Users\orange\Desktop\CH_PRO_IAR\CH_PRO\EWARM\CH_PRO\Obj\stm32f1xx_hal_adc.o
#        C:\Users\orange\Desktop\CH_PRO_IAR\CH_PRO\EWARM\CH_PRO\Obj\stm32f1xx_hal_adc_ex.o
#        C:\Users\orange\Desktop\CH_PRO_IAR\CH_PRO\EWARM\CH_PRO\Obj\stm32f1xx_hal_cortex.o
#        C:\Users\orange\Desktop\CH_PRO_IAR\CH_PRO\EWARM\CH_PRO\Obj\stm32f1xx_hal_dma.o
#        C:\Users\orange\Desktop\CH_PRO_IAR\CH_PRO\EWARM\CH_PRO\Obj\stm32f1xx_hal_flash.o
#        C:\Users\orange\Desktop\CH_PRO_IAR\CH_PRO\EWARM\CH_PRO\Obj\stm32f1xx_hal_flash_ex.o
#        C:\Users\orange\Desktop\CH_PRO_IAR\CH_PRO\EWARM\CH_PRO\Obj\stm32f1xx_hal_gpio.o
#        C:\Users\orange\Desktop\CH_PRO_IAR\CH_PRO\EWARM\CH_PRO\Obj\stm32f1xx_hal_gpio_ex.o
#        C:\Users\orange\Desktop\CH_PRO_IAR\CH_PRO\EWARM\CH_PRO\Obj\stm32f1xx_hal_msp.o
#        C:\Users\orange\Desktop\CH_PRO_IAR\CH_PRO\EWARM\CH_PRO\Obj\stm32f1xx_hal_pwr.o
#        C:\Users\orange\Desktop\CH_PRO_IAR\CH_PRO\EWARM\CH_PRO\Obj\stm32f1xx_hal_rcc.o
#        C:\Users\orange\Desktop\CH_PRO_IAR\CH_PRO\EWARM\CH_PRO\Obj\stm32f1xx_hal_rcc_ex.o
#        C:\Users\orange\Desktop\CH_PRO_IAR\CH_PRO\EWARM\CH_PRO\Obj\stm32f1xx_hal_tim.o
#        C:\Users\orange\Desktop\CH_PRO_IAR\CH_PRO\EWARM\CH_PRO\Obj\stm32f1xx_hal_tim_ex.o
#        C:\Users\orange\Desktop\CH_PRO_IAR\CH_PRO\EWARM\CH_PRO\Obj\stm32f1xx_hal_timebase_TIM.o
#        C:\Users\orange\Desktop\CH_PRO_IAR\CH_PRO\EWARM\CH_PRO\Obj\stm32f1xx_hal_uart.o
#        C:\Users\orange\Desktop\CH_PRO_IAR\CH_PRO\EWARM\CH_PRO\Obj\stm32f1xx_it.o
#        C:\Users\orange\Desktop\CH_PRO_IAR\CH_PRO\EWARM\CH_PRO\Obj\system_stm32f1xx.o
#        C:\Users\orange\Desktop\CH_PRO_IAR\CH_PRO\EWARM\CH_PRO\Obj\tasks.o
#        C:\Users\orange\Desktop\CH_PRO_IAR\CH_PRO\EWARM\CH_PRO\Obj\tim.o
#        C:\Users\orange\Desktop\CH_PRO_IAR\CH_PRO\EWARM\CH_PRO\Obj\timers.o
#        C:\Users\orange\Desktop\CH_PRO_IAR\CH_PRO\EWARM\CH_PRO\Obj\tools.o
#        C:\Users\orange\Desktop\CH_PRO_IAR\CH_PRO\EWARM\CH_PRO\Obj\usart.o
#        --redirect _Printf=_PrintfFull --redirect _Scanf=_ScanfFull -o
#        C:\Users\orange\Desktop\CH_PRO_IAR\CH_PRO\EWARM\CH_PRO\Exe\CH_PRO.out
#        --map
#        C:\Users\orange\Desktop\CH_PRO_IAR\CH_PRO\EWARM\CH_PRO\List\CH_PRO.map
#        --config
#        C:\Users\orange\Desktop\CH_PRO_IAR\CH_PRO\EWARM/stm32f103xb_flash.icf
#        --semihosting --entry __iar_program_start --vfe --text_out locale)
#
###############################################################################

*******************************************************************************
*** RUNTIME MODEL ATTRIBUTES
***

CppFlavor       = *
__Heap_Handler  = Basic
__SystemLibrary = DLib
__dlib_version  = 6


*******************************************************************************
*** HEAP SELECTION
***

The basic heap was selected because no calls to memory allocation
functions were found in the application outside of system library
functions, and there are calls to deallocation functions in the
application.


*******************************************************************************
*** PLACEMENT SUMMARY
***

"A0":  place at 0x08000000 { ro section .intvec };
"P1":  place in [from 0x08000000 to 0x0801ffff] { ro };
define block CSTACK with size = 1K, alignment = 8 { };
define block HEAP with size = 512, alignment = 8 { };
"P2":  place in [from 0x20000000 to 0x20004fff] {
          rw, block CSTACK, block HEAP };
initialize by copy { rw };

  Section            Kind        Address    Size  Object
  -------            ----        -------    ----  ------
"A0":                                       0xec
  .intvec            ro code  0x08000000    0xec  startup_stm32f103xb.o [1]
                            - 0x080000ec    0xec

"P1":                                     0x5e44
  .text              ro code  0x080000ec   0xf96  xprintffull.o [3]
  .text              ro code  0x08001082    0x7a  lz77_init_single.o [5]
  .text              ro code  0x080010fc    0x74  xlocale_c.o [3]
  .text              ro code  0x08001170    0x16  strchr.o [5]
  .text              ro code  0x08001186    0x1e  xencoding_8859_1.o [3]
  .text              ro code  0x080011a4    0x40  xfail_s.o [3]
  .text              ro code  0x080011e4    0x36  strlen.o [5]
  .text              ro code  0x0800121c    0x58  memchr.o [5]
  .text              ro code  0x08001274     0xa  xmbcurmax.o [3]
  .text              ro code  0x08001280    0xa6  ABImemcpy.o [5]
  .text              ro code  0x08001328   0x22e  I64DivMod.o [5]
  .text              ro code  0x08001558   0x1a2  DblMul.o [4]
  .text              ro code  0x080016fc    0x70  frexp.o [4]
  .text              ro code  0x0800176c    0x2e  DblCmpLe.o [4]
  .text              ro code  0x0800179c    0x2e  DblCmpGe.o [4]
  .text              ro code  0x080017cc   0x13a  ldexp.o [4]
  .text              ro code  0x08001908    0x3a  DblToS32.o [4]
  .text              ro code  0x08001944    0x22  S32ToDbl.o [4]
  .text              ro code  0x08001968    0xe2  DblSub.o [4]
  .text              ro code  0x08001a4c   0x246  DblDiv.o [4]
  .text              ro code  0x08001c94    0x28  DblToU32.o [4]
  .text              ro code  0x08001cbc    0x1a  U32ToDbl.o [4]
  .text              ro code  0x08001cd6     0x6  abort.o [3]
  .text              ro code  0x08001cdc     0x2  I64DivZer.o [5]
  .text              ro code  0x08001ce0   0x168  DblAdd.o [4]
  .text              ro code  0x08001e48    0x14  exit.o [6]
  .text              ro code  0x08001e5c    0x7c  iarttio.o [6]
  .text              ro code  0x08001ed8    0x3c  XShttio.o [3]
  .text              ro code  0x08001f14   0x7a0  tasks.o [1]
  .text              ro code  0x080026b4   0x1b4  heap_4.o [1]
  .text              ro code  0x08002868    0x8e  list.o [1]
  .text              ro code  0x080028f8   0x1a4  port.o [1]
  .text              ro code  0x08002a9c   0x35c  timers.o [1]
  CODE               ro code  0x08002df8    0x88  portasm.o [1]
  .text              ro code  0x08002e80   0x5ac  queue.o [1]
  .text              ro code  0x0800342c   0x520  stm32f1xx_hal_tim.o [1]
  .text              ro code  0x0800394c   0x214  tim.o [1]
  .text              ro code  0x08003b60     0x2  stm32f1xx_hal_tim.o [1]
  .text              ro code  0x08003b62     0x2  stm32f1xx_hal_tim.o [1]
  .text              ro code  0x08003b64    0xd2  main.o [1]
  .text              ro code  0x08003c36     0x2  stm32f1xx_hal_tim_ex.o [1]
  .text              ro code  0x08003c38     0x2  stm32f1xx_hal_tim.o [1]
  .text              ro code  0x08003c3a     0x2  stm32f1xx_hal_tim_ex.o [1]
  .text              ro code  0x08003c3c     0x2  stm32f1xx_hal_tim.o [1]
  .text              ro code  0x08003c40    0x4a  stm32f1xx_hal_tim_ex.o [1]
  .text              ro code  0x08003c8c    0xe0  stm32f1xx_hal_cortex.o [1]
  .text              ro code  0x08003d6c   0x1c4  stm32f1xx_hal_gpio.o [1]
  .text              ro code  0x08003f30    0x24  stm32f1xx_hal.o [1]
  .text              ro code  0x08003f54   0x112  gpio.o [1]
  .text              ro code  0x08004068    0x40  dma.o [1]
  .text              ro code  0x080040a8   0x168  adc.o [1]
  .text              ro code  0x08004210   0x210  usart.o [1]
  .text              ro code  0x08004420    0xf8  freertos.o [1]
  .text              ro code  0x08004518    0x8e  cmsis_os.o [1]
  .text              ro code  0x080045a8   0x512  stm32f1xx_hal_rcc.o [1]
  .text              ro code  0x08004abc    0xe8  stm32f1xx_hal_rcc_ex.o [1]
  .text              ro code  0x08004ba4    0x10  stm32f1xx_hal.o [1]
  .text              ro code  0x08004bb4    0x78  stm32f1xx_hal_timebase_TIM.o [1]
  .text              ro code  0x08004c2c    0x8c  stm32f1xx_hal_msp.o [1]
  .text              ro code  0x08004cb8   0x24c  stm32f1xx_hal_adc.o [1]
  .text              ro code  0x08004f04   0x380  stm32f1xx_hal_uart.o [1]
  .text              ro code  0x08005284   0x26c  stm32f1xx_hal_dma.o [1]
  .text              ro code  0x080054f0    0x28  printf.o [3]
  .text              ro code  0x08005518     0xc  stm32f1xx_hal.o [1]
  .text              ro code  0x08005524     0x2  stm32f1xx_hal_uart.o [1]
  .text              ro code  0x08005526     0x2  stm32f1xx_hal_uart.o [1]
  .text              ro code  0x08005528     0x2  stm32f1xx_hal_uart.o [1]
  .text              ro code  0x0800552c   0x140  heap0.o [3]
  .text              ro code  0x0800566c    0x2c  xgetmemchunk.o [3]
  .text              ro code  0x08005698    0xd8  xfspos.o [3]
  .text              ro code  0x08005770    0xac  fflush.o [3]
  .text              ro code  0x0800581c     0xc  xfgpos.o [3]
  .text              ro code  0x08005828    0x4a  lseek.o [6]
  .text              ro code  0x08005872    0x10  write.o [6]
  .text              ro code  0x08005884    0xcc  XShHandles.o [3]
  .text              ro code  0x08005950    0x1e  dwrite.o [6]
  .text              ro code  0x0800596e    0x20  iarwstd.o [6]
  .text              ro code  0x0800598e    0x22  iarwrite.o [6]
  .text              ro code  0x080059b0    0xb4  xfwprep.o [3]
  .text              ro code  0x08005a64    0x24  fseek.o [3]
  .text              ro code  0x08005a88    0x7e  fclose.o [3]
  .text              ro code  0x08005b08    0x7c  xfofind.o [3]
  .text              ro code  0x08005b84     0x4  heaptramp0.o [3]
  .text              ro code  0x08005b88    0x18  close.o [6]
  .text              ro code  0x08005ba0    0x14  remove.o [6]
  .text              ro code  0x08005bb4    0x5c  system_stm32f1xx.o [1]
  .text              ro code  0x08005c10    0x54  fputc.o [3]
  .text              ro code  0x08005c64    0x4c  stm32f1xx_it.o [1]
  .text              ro code  0x08005cb0    0x40  zero_init3.o [5]
  .text              ro code  0x08005cf0    0x3c  xcloseall.o [3]
  .text              ro code  0x08005d2c    0x28  data_init.o [5]
  .iar.init_table    const    0x08005d54    0x20  - Linker created -
  .text              ro code  0x08005d74    0x1e  cmain.o [5]
  .text              ro code  0x08005d92     0x4  low_level_init.o [3]
  .text              ro code  0x08005d96     0x4  exit.o [3]
  .text              ro code  0x08005d9c     0xe  cexit.o [5]
  .text              ro code  0x08005daa    0x16  xprout.o [3]
  .text              ro code  0x08005dc0     0xc  putchar.o [3]
  .rodata            const    0x08005dcc    0x14  freertos.o [1]
  .text              ro code  0x08005de0    0x10  startup_stm32f103xb.o [1]
  .text              ro code  0x08005df0     0xc  cstartup_M.o [5]
  .rodata            const    0x08005dfc     0x8  system_stm32f1xx.o [1]
  .rodata            const    0x08005e04     0x6  xlocale_c.o [3]
  .text              ro code  0x08005e0a     0x4  startup_stm32f103xb.o [1]
  .text              ro code  0x08005e0e     0x4  startup_stm32f103xb.o [1]
  .text              ro code  0x08005e12     0x4  startup_stm32f103xb.o [1]
  .text              ro code  0x08005e16     0x4  startup_stm32f103xb.o [1]
  .text              ro code  0x08005e1a     0x4  startup_stm32f103xb.o [1]
  .text              ro code  0x08005e1e     0x4  startup_stm32f103xb.o [1]
  .text              ro code  0x08005e22     0x4  startup_stm32f103xb.o [1]
  .text              ro code  0x08005e26     0x4  startup_stm32f103xb.o [1]
  .text              ro code  0x08005e2a     0x4  startup_stm32f103xb.o [1]
  .text              ro code  0x08005e2e     0x4  startup_stm32f103xb.o [1]
  .text              ro code  0x08005e32     0x4  startup_stm32f103xb.o [1]
  .text              ro code  0x08005e36     0x4  startup_stm32f103xb.o [1]
  .text              ro code  0x08005e3a     0x4  startup_stm32f103xb.o [1]
  .text              ro code  0x08005e3e     0x4  startup_stm32f103xb.o [1]
  .text              ro code  0x08005e42     0x4  startup_stm32f103xb.o [1]
  .text              ro code  0x08005e46     0x4  startup_stm32f103xb.o [1]
  .text              ro code  0x08005e4a     0x4  startup_stm32f103xb.o [1]
  .text              ro code  0x08005e4e     0x4  startup_stm32f103xb.o [1]
  .text              ro code  0x08005e52     0x4  startup_stm32f103xb.o [1]
  .text              ro code  0x08005e56     0x4  startup_stm32f103xb.o [1]
  .text              ro code  0x08005e5a     0x4  startup_stm32f103xb.o [1]
  .text              ro code  0x08005e5e     0x4  startup_stm32f103xb.o [1]
  .text              ro code  0x08005e62     0x4  startup_stm32f103xb.o [1]
  .text              ro code  0x08005e66     0x4  startup_stm32f103xb.o [1]
  .text              ro code  0x08005e6a     0x4  startup_stm32f103xb.o [1]
  .text              ro code  0x08005e6e     0x4  startup_stm32f103xb.o [1]
  .text              ro code  0x08005e72     0x4  startup_stm32f103xb.o [1]
  .text              ro code  0x08005e76     0x4  startup_stm32f103xb.o [1]
  .text              ro code  0x08005e7a     0x4  startup_stm32f103xb.o [1]
  .text              ro code  0x08005e7e     0x4  startup_stm32f103xb.o [1]
  .text              ro code  0x08005e82     0x4  startup_stm32f103xb.o [1]
  .text              ro code  0x08005e86     0x4  startup_stm32f103xb.o [1]
  .text              ro code  0x08005e8a     0x4  startup_stm32f103xb.o [1]
  .text              ro code  0x08005e8e     0x4  startup_stm32f103xb.o [1]
  .text              ro code  0x08005e92     0x4  startup_stm32f103xb.o [1]
  .text              ro code  0x08005e96     0x4  startup_stm32f103xb.o [1]
  .text              ro code  0x08005e9a     0x4  startup_stm32f103xb.o [1]
  .text              ro code  0x08005ea0     0x0  cstart_closeall.o [5]
  .rodata            const    0x08005ea0     0x0  zero_init3.o [5]
  .rodata            const    0x08005ea0     0x0  lz77_init_single.o [5]
  Initializer bytes  const    0x08005ea0    0x90  <for P2-1>
                            - 0x08005f30  0x5e44

"P2", part 1 of 3:                         0x190
  P2-1                        0x20000000   0x190  <Init block>
    .data            inited   0x20000000     0xc  port.o [1]
    .data            inited   0x2000000c     0x4  system_stm32f1xx.o [1]
    .data            inited   0x20000010    0x38  xlocale_c.o [3]
    .data            inited   0x20000048    0x48  xlocale_c.o [3]
    .data            inited   0x20000090    0x48  xfiles.o [3]
    .data            inited   0x200000d8    0x48  xfiles.o [3]
    .data            inited   0x20000120    0x48  xfiles.o [3]
    .data            inited   0x20000168    0x20  xfiles.o [3]
    .data            inited   0x20000188     0x8  XShttio.o [3]
                            - 0x20000190   0x190

"P2", part 2 of 3:                        0x1188
  .bss               zero     0x20000190   0xc18  heap_4.o [1]
  .bss               zero     0x20000da8    0xa0  tasks.o [1]
  .bss               zero     0x20000e48    0x8c  tasks.o [1]
  .bss               zero     0x20000ed4    0x88  usart.o [1]
  .bss               zero     0x20000f5c    0x80  XShHandles.o [3]
  .bss               zero     0x20000fdc    0x50  xfiles.o [3]
  .bss               zero     0x2000102c    0x50  xfiles.o [3]
  .bss               zero     0x2000107c    0x40  queue.o [1]
  .bss               zero     0x200010bc    0x40  stm32f1xx_hal_timebase_TIM.o [1]
  .bss               zero     0x200010fc    0x40  tim.o [1]
  .bss               zero     0x2000113c    0x40  tim.o [1]
  .bss               zero     0x2000117c    0x40  tim.o [1]
  .bss               zero     0x200011bc    0x40  usart.o [1]
  .bss               zero     0x200011fc    0x40  usart.o [1]
  .bss               zero     0x2000123c    0x40  usart.o [1]
  .bss               zero     0x2000127c    0x3c  timers.o [1]
  .bss               zero     0x200012b8    0x30  adc.o [1]
  .bss               zero     0x200012e8    0x18  freertos.o [1]
  .bss               zero     0x20001300     0x8  heap0.o [3]
  .bss               zero     0x20001308     0x4  stm32f1xx_hal.o [1]
  .bss               zero     0x2000130c     0x4  xfail_s.o [3]
  .bss               zero     0x20001310     0x4  xgetmemchunk.o [3]
  .bss               zero     0x20001314     0x1  XShttio.o [3]
                            - 0x20001315  0x1185

"P2", part 3 of 3:                         0x600
  CSTACK                      0x20001318   0x400  <Block>
    CSTACK           uninit   0x20001318   0x400  <Block tail>
  HEAP                        0x20001718   0x200  <Block>
    HEAP             uninit   0x20001718   0x200  <Block tail>
                            - 0x20001918   0x600


*******************************************************************************
*** INIT TABLE
***

          Address     Size
          -------     ----
Zero (__iar_zero_init3)
    1 destination range, total size 0x1185:
          0x20000190  0x1185

Copy/lz77 (__iar_lz77_init_single3)
    1 source range, total size 0x90 (36% of destination):
          0x08005ea0    0x90
    1 destination range, total size 0x190:
          0x20000000   0x190



*******************************************************************************
*** MODULE SUMMARY
***

    Module                        ro code  ro data  rw data
    ------                        -------  -------  -------
C:\Users\orange\Desktop\CH_PRO_IAR\CH_PRO\EWARM\CH_PRO\Obj: [1]
    adc.o                             360                48
    cmsis_os.o                        142
    dma.o                              64
    freertos.o                        248       20       24
    gpio.o                            274
    heap_4.o                          436             3 096
    list.o                            142
    main.o                            210
    port.o                            420        4       12
    portasm.o                         136
    queue.o                         1 452                64
    startup_stm32f103xb.o             400
    stm32f1xx_hal.o                    64                 4
    stm32f1xx_hal_adc.o               588
    stm32f1xx_hal_cortex.o            224
    stm32f1xx_hal_dma.o               620
    stm32f1xx_hal_gpio.o              452
    stm32f1xx_hal_msp.o               140
    stm32f1xx_hal_rcc.o             1 298
    stm32f1xx_hal_rcc_ex.o            232
    stm32f1xx_hal_tim.o             1 320
    stm32f1xx_hal_tim_ex.o             78
    stm32f1xx_hal_timebase_TIM.o      120                64
    stm32f1xx_hal_uart.o              902
    stm32f1xx_it.o                     76
    system_stm32f1xx.o                 92        9        4
    tasks.o                         1 952               300
    tim.o                             532               192
    timers.o                          860                60
    usart.o                           528               328
    -------------------------------------------------------
    Total:                         14 362       33    4 196

command line: [2]
    -------------------------------------------------------
    Total:

dl7M_tlf.a: [3]
    XShHandles.o                      204               128
    XShttio.o                          60        3        9
    abort.o                             6
    exit.o                              4
    fclose.o                          126
    fflush.o                          172
    fputc.o                            84
    fseek.o                            36
    heap0.o                           320                 8
    heaptramp0.o                        4
    low_level_init.o                    4
    printf.o                           40
    putchar.o                          12
    xcloseall.o                        60
    xencoding_8859_1.o                 30
    xfail_s.o                          64                 4
    xfgpos.o                           12
    xfiles.o                                    90      408
    xfofind.o                         124
    xfspos.o                          216
    xfwprep.o                         180
    xgetmemchunk.o                     44                 4
    xlocale_c.o                       116       52      128
    xmbcurmax.o                        10
    xprintffull.o                   3 990
    xprout.o                           22
    -------------------------------------------------------
    Total:                          5 940      145      689

m7M_tl.a: [4]
    DblAdd.o                          360
    DblCmpGe.o                         46
    DblCmpLe.o                         46
    DblDiv.o                          582
    DblMul.o                          418
    DblSub.o                          226
    DblToS32.o                         58
    DblToU32.o                         40
    S32ToDbl.o                         34
    U32ToDbl.o                         26
    frexp.o                           112
    ldexp.o                           314
    -------------------------------------------------------
    Total:                          2 262

rt7M_tl.a: [5]
    ABImemcpy.o                       166
    I64DivMod.o                       558
    I64DivZer.o                         2
    cexit.o                            14
    cmain.o                            30
    cstart_closeall.o
    cstartup_M.o                       12
    data_init.o                        40
    lz77_init_single.o                122
    memchr.o                           88
    strchr.o                           22
    strlen.o                           54
    zero_init3.o                       64
    -------------------------------------------------------
    Total:                          1 172

shb_l.a: [6]
    close.o                            24
    dwrite.o                           30
    exit.o                             20
    iarttio.o                         124
    iarwrite.o                         34
    iarwstd.o                          32
    lseek.o                            74
    remove.o                           20
    write.o                            16
    -------------------------------------------------------
    Total:                            374

    Gaps                               48
    Linker created                              32    1 536
-----------------------------------------------------------
    Grand Total:                   24 158      210    6 421


*******************************************************************************
*** ENTRY LIST
***

Entry                      Address   Size  Type      Object
-----                      -------   ----  ----      ------
.iar.init_table$$Base   0x08005d54          --   Gb  - Linker created -
.iar.init_table$$Limit  0x08005d74          --   Gb  - Linker created -
?main                   0x08005d75         Code  Gb  cmain.o [5]
ADC_ConversionStop_Disable
                        0x08004ec1   0x44  Code  Gb  stm32f1xx_hal_adc.o [1]
AHBPrescTable           0x08005c00   0x10  Data  Gb  system_stm32f1xx.o [1]
APBPrescTable           0x08005dfc    0x8  Data  Gb  system_stm32f1xx.o [1]
Aldata                  0x20001300    0x8  Data  Lc  heap0.o [3]
BusFault_Handler        0x08005c6b    0x2  Code  Gb  stm32f1xx_it.o [1]
CSTACK$$Base            0x20001318          --   Gb  - Linker created -
CSTACK$$Limit           0x20001718          --   Gb  - Linker created -
CacheMore               0x08001101   0x24  Code  Lc  xlocale_c.o [3]
Callback01              0x080044c9    0x2  Code  Gb  freertos.o [1]
Callback02              0x080044cb    0x2  Code  Gb  freertos.o [1]
Callback03              0x080044cd    0x2  Code  Gb  freertos.o [1]
DMA1_Channel4_IRQHandler
                        0x08005c75    0x6  Code  Gb  stm32f1xx_it.o [1]
DMA1_Channel5_IRQHandler
                        0x08005c7b    0x6  Code  Gb  stm32f1xx_it.o [1]
DebugMon_Handler        0x08005c6f    0x2  Code  Gb  stm32f1xx_it.o [1]
HAL_ADC_ConfigChannel   0x08004dad   0xe4  Code  Gb  stm32f1xx_hal_adc.o [1]
HAL_ADC_Init            0x08004cb9   0xf4  Code  Gb  stm32f1xx_hal_adc.o [1]
HAL_ADC_MspInit         0x0800416f   0x56  Code  Gb  adc.o [1]
HAL_DMA_Abort_IT        0x080052f1   0x9a  Code  Gb  stm32f1xx_hal_dma.o [1]
HAL_DMA_IRQHandler      0x0800538b  0x140  Code  Gb  stm32f1xx_hal_dma.o [1]
HAL_DMA_Init            0x08005285   0x64  Code  Gb  stm32f1xx_hal_dma.o [1]
HAL_GPIO_Init           0x08003d6d  0x182  Code  Gb  stm32f1xx_hal_gpio.o [1]
HAL_GPIO_WritePin       0x08003eef    0xc  Code  Gb  stm32f1xx_hal_gpio.o [1]
HAL_GetTick             0x08005519    0xc  Code  Wk  stm32f1xx_hal.o [1]
HAL_IncTick             0x08004ba5   0x10  Code  Wk  stm32f1xx_hal.o [1]
HAL_Init                0x08003f31   0x20  Code  Gb  stm32f1xx_hal.o [1]
HAL_InitTick            0x08004bb5   0x68  Code  Gb  stm32f1xx_hal_timebase_TIM.o [1]
HAL_MspInit             0x08004c2d   0x8c  Code  Gb  stm32f1xx_hal_msp.o [1]
HAL_NVIC_EnableIRQ      0x08003cff    0xa  Code  Gb  stm32f1xx_hal_cortex.o [1]
HAL_NVIC_SetPriority    0x08003cc5   0x3a  Code  Gb  stm32f1xx_hal_cortex.o [1]
HAL_NVIC_SetPriorityGrouping
                        0x08003cab   0x1a  Code  Gb  stm32f1xx_hal_cortex.o [1]
HAL_RCCEx_PeriphCLKConfig
                        0x08004abd   0xda  Code  Gb  stm32f1xx_hal_rcc_ex.o [1]
HAL_RCC_ClockConfig     0x080048c5  0x10c  Code  Gb  stm32f1xx_hal_rcc.o [1]
HAL_RCC_GetClockConfig  0x08004a47   0x36  Code  Gb  stm32f1xx_hal_rcc.o [1]
HAL_RCC_GetHCLKFreq     0x08004a1d    0x6  Code  Gb  stm32f1xx_hal_rcc.o [1]
HAL_RCC_GetPCLK1Freq    0x08004a23   0x10  Code  Gb  stm32f1xx_hal_rcc.o [1]
HAL_RCC_GetPCLK2Freq    0x08004a33    0xe  Code  Gb  stm32f1xx_hal_rcc.o [1]
HAL_RCC_GetSysClockFreq
                        0x080049e5   0x38  Code  Gb  stm32f1xx_hal_rcc.o [1]
HAL_RCC_GetSysClockFreq::aPLLMULFactorTable
                        0x08004aa8   0x10  Data  Lc  stm32f1xx_hal_rcc.o [1]
HAL_RCC_GetSysClockFreq::aPredivFactorTable
                        0x08004ab8    0x2  Data  Lc  stm32f1xx_hal_rcc.o [1]
HAL_RCC_OscConfig       0x080045a9  0x314  Code  Gb  stm32f1xx_hal_rcc.o [1]
HAL_SYSTICK_CLKSourceConfig
                        0x08003d3b   0x1a  Code  Gb  stm32f1xx_hal_cortex.o [1]
HAL_SYSTICK_Config      0x08003d13   0x28  Code  Gb  stm32f1xx_hal_cortex.o [1]
HAL_TIMEx_BreakCallback
                        0x08003c37    0x2  Code  Wk  stm32f1xx_hal_tim_ex.o [1]
HAL_TIMEx_CommutationCallback
                        0x08003c3b    0x2  Code  Wk  stm32f1xx_hal_tim_ex.o [1]
HAL_TIMEx_MasterConfigSynchronization
                        0x08003c41   0x4a  Code  Gb  stm32f1xx_hal_tim_ex.o [1]
HAL_TIM_Base_Init       0x0800342d   0x1a  Code  Gb  stm32f1xx_hal_tim.o [1]
HAL_TIM_Base_MspInit    0x08003a5f   0x4c  Code  Gb  tim.o [1]
HAL_TIM_Base_Start_IT   0x08003447   0x16  Code  Gb  stm32f1xx_hal_tim.o [1]
HAL_TIM_ConfigClockSource
                        0x08003715   0xac  Code  Gb  stm32f1xx_hal_tim.o [1]
HAL_TIM_IC_ConfigChannel
                        0x080035e3  0x104  Code  Gb  stm32f1xx_hal_tim.o [1]
HAL_TIM_IC_Init         0x08003471   0x1a  Code  Gb  stm32f1xx_hal_tim.o [1]
HAL_TIM_IC_MspInit      0x08003aab   0x5c  Code  Gb  tim.o [1]
HAL_TIM_IRQHandler      0x0800349b  0x142  Code  Gb  stm32f1xx_hal_tim.o [1]
HAL_TIM_PeriodElapsedCallback
                        0x08003c23    0xe  Code  Gb  main.o [1]
HAL_UART_IRQHandler     0x08004f89  0x152  Code  Gb  stm32f1xx_hal_uart.o [1]
HAL_UART_Init           0x08004f05   0x1e  Code  Gb  stm32f1xx_hal_uart.o [1]
HAL_UART_MspInit        0x0800427d  0x12c  Code  Gb  usart.o [1]
HEAP$$Base              0x20001718          --   Gb  - Linker created -
HEAP$$Limit             0x20001918          --   Gb  - Linker created -
HardFault_Handler       0x08005c67    0x2  Code  Gb  stm32f1xx_it.o [1]
LoadInt                 0x080002db   0x7a  Code  Lc  xprintffull.o [3]
MX_ADC1_Init            0x080040a9   0xb4  Code  Gb  adc.o [1]
MX_DMA_Init             0x08004069   0x40  Code  Gb  dma.o [1]
MX_FREERTOS_Init        0x08004421   0x7c  Code  Gb  freertos.o [1]
MX_GPIO_Init            0x08003f55   0xe6  Code  Gb  gpio.o [1]
MX_TIM1_Init            0x0800394d   0x46  Code  Gb  tim.o [1]
MX_TIM2_Init            0x08003995   0x3a  Code  Gb  tim.o [1]
MX_TIM3_Init            0x080039f1   0x5e  Code  Gb  tim.o [1]
MX_USART1_UART_Init     0x08004211   0x1c  Code  Gb  usart.o [1]
MX_USART2_UART_Init     0x0800422d   0x16  Code  Gb  usart.o [1]
MX_USART3_UART_Init     0x08004267   0x16  Code  Gb  usart.o [1]
MemManage_Handler       0x08005c69    0x2  Code  Gb  stm32f1xx_it.o [1]
NMI_Handler             0x08005c65    0x2  Code  Gb  stm32f1xx_it.o [1]
NVIC_SetPriority        0x08003c8d   0x1e  Code  Lc  stm32f1xx_hal_cortex.o [1]
PendSV_Handler          0x08002df9         Code  Gb  portasm.o [1]
Region$$Table$$Base     0x08005d54          --   Gb  - Linker created -
Region$$Table$$Limit    0x08005d74          --   Gb  - Linker created -
SVC_Handler             0x08002e3f         Code  Gb  portasm.o [1]
StartCmdTask            0x080044b5   0x14  Code  Gb  freertos.o [1]
StartHelloTask          0x080044a1   0x14  Code  Gb  freertos.o [1]
SysTick_Handler         0x08005c71    0x4  Code  Gb  stm32f1xx_it.o [1]
SystemClock_Config      0x08003b9d   0x86  Code  Gb  main.o [1]
SystemCoreClock         0x2000000c    0x4  Data  Gb  system_stm32f1xx.o [1]
SystemInit              0x08005bb5   0x3a  Code  Gb  system_stm32f1xx.o [1]
TIM1_BRK_IRQHandler     0x08005c81    0x6  Code  Gb  stm32f1xx_it.o [1]
TIM3_IRQHandler         0x08005c87    0x6  Code  Gb  stm32f1xx_it.o [1]
TIM4_IRQHandler         0x08005c8d    0x6  Code  Gb  stm32f1xx_it.o [1]
TIM_Base_SetConfig      0x080037eb   0x5e  Code  Gb  stm32f1xx_hal_tim.o [1]
TIM_ETR_SetConfig       0x08003933   0x14  Code  Lc  stm32f1xx_hal_tim.o [1]
TIM_ITRx_SetConfig      0x08003923   0x10  Code  Lc  stm32f1xx_hal_tim.o [1]
TIM_TI1_ConfigInputStage
                        0x080038ad   0x1e  Code  Lc  stm32f1xx_hal_tim.o [1]
TIM_TI1_SetConfig       0x08003849   0x4e  Code  Gb  stm32f1xx_hal_tim.o [1]
TIM_TI2_ConfigInputStage
                        0x080038ff   0x24  Code  Lc  stm32f1xx_hal_tim.o [1]
TIM_TI2_SetConfig       0x080038cb   0x34  Code  Lc  stm32f1xx_hal_tim.o [1]
UART_DMAAbortOnError    0x080050f9    0xc  Code  Lc  stm32f1xx_hal_uart.o [1]
UART_EndRxTransfer      0x080050db   0x1c  Code  Lc  stm32f1xx_hal_uart.o [1]
UART_Receive_IT         0x08005105   0x96  Code  Lc  stm32f1xx_hal_uart.o [1]
UART_SetConfig          0x0800519b   0xde  Code  Lc  stm32f1xx_hal_uart.o [1]
USART1_IRQHandler       0x08005c93    0x6  Code  Gb  stm32f1xx_it.o [1]
UsageFault_Handler      0x08005c6d    0x2  Code  Gb  stm32f1xx_it.o [1]
_Close_all              0x08005cf1   0x3c  Code  Gb  xcloseall.o [3]
_Encoding_8859_1_Mbrlen
                        0x08001199    0x2  Code  Gb  xencoding_8859_1.o [3]
_Encoding_8859_1_Wctomb
                        0x08001187   0x12  Code  Gb  xencoding_8859_1.o [3]
_Error_Handler          0x08003c35    0x2  Code  Gb  main.o [1]
_Files                  0x20000168   0x20  Data  Gb  xfiles.o [3]
_Fofree                 0x08005b09   0x78  Code  Gb  xfofind.o [3]
_Fspos                  0x08005699   0xd8  Code  Gb  xfspos.o [3]
_Fwprep                 0x080059b1   0xb4  Code  Gb  xfwprep.o [3]
_GenldFull              0x08000d5d  0x274  Code  Lc  xprintffull.o [3]
_LdtobFull              0x08000931  0x3fe  Code  Lc  xprintffull.o [3]
_LitobFull              0x080007d9  0x112  Code  Lc  xprintffull.o [3]
_Locale_lconv           0x20000010   0x38  Data  Lc  xlocale_c.o [3]
_Nnl                    0x0800581d    0xc  Code  Gb  xfgpos.o [3]
_PrintfFull             0x080000ed  0x1d6  Code  Gb  xprintffull.o [3]
_Prout                  0x08005dab   0x16  Code  Gb  xprout.o [3]
_PutcharsFull           0x08000fd1   0x2e  Code  Lc  xprintffull.o [3]
_PutfldFull             0x08000355  0x2d0  Code  Lc  xprintffull.o [3]
_PutstrFull             0x0800071b   0xbe  Code  Lc  xprintffull.o [3]
_PuttxtFull             0x08000625   0xf6  Code  Lc  xprintffull.o [3]
__aeabi_cdcmple         0x0800176d         Code  Gb  DblCmpLe.o [4]
__aeabi_cdrcmple        0x0800179d         Code  Gb  DblCmpGe.o [4]
__aeabi_d2iz            0x08001909         Code  Gb  DblToS32.o [4]
__aeabi_d2uiz           0x08001c95         Code  Gb  DblToU32.o [4]
__aeabi_ddiv            0x08001a4d         Code  Gb  DblDiv.o [4]
__aeabi_dmul            0x08001559         Code  Gb  DblMul.o [4]
__aeabi_dsub            0x08001969         Code  Gb  DblSub.o [4]
__aeabi_i2d             0x08001945         Code  Gb  S32ToDbl.o [4]
__aeabi_ldiv0           0x08001cdd         Code  Gb  I64DivZer.o [5]
__aeabi_memcpy          0x08001281         Code  Gb  ABImemcpy.o [5]
__aeabi_memcpy4         0x080012a1         Code  Gb  ABImemcpy.o [5]
__aeabi_memcpy8         0x080012a1         Code  Gb  ABImemcpy.o [5]
__aeabi_ui2d            0x08001cbd         Code  Gb  U32ToDbl.o [4]
__aeabi_uldivmod        0x08001329         Code  Gb  I64DivMod.o [5]
__basic_free            0x080055d9   0x16  Code  Gb  heap0.o [3]
__basic_free_intern     0x080055ef   0x7a  Code  Lc  heap0.o [3]
__basic_malloc          0x0800552d   0x18  Code  Gb  heap0.o [3]
__basic_malloc_intern   0x08005545   0x94  Code  Lc  heap0.o [3]
__cexit_closeall        0x08005d9f         Code  Gb  cexit.o [5]
__close                 0x08005b89   0x18  Code  Gb  close.o [6]
__cmain                 0x08005d75         Code  Gb  cmain.o [5]
__cstart_closeall       0x08005ea0         Data  Gb  cstart_closeall.o [5]
__data_GetMemChunk      0x0800566d   0x2c  Code  Gb  xgetmemchunk.o [3]
__data_GetMemChunk::start
                        0x20001310    0x4  Data  Lc  xgetmemchunk.o [3]
__dwrite                0x08005951   0x1e  Code  Gb  dwrite.o [6]
__exit                  0x08001e49   0x14  Code  Gb  exit.o [6]
__iar_Fail_s            0x080011a5   0x1c  Code  Gb  xfail_s.o [3]
__iar_Mbcurmax          0x08001275    0xa  Code  Gb  xmbcurmax.o [3]
__iar_Memchr            0x0800121d         Code  Gb  memchr.o [5]
__iar_Stderr            0x20000120   0x48  Data  Gb  xfiles.o [3]
__iar_Stdin             0x20000090   0x48  Data  Gb  xfiles.o [3]
__iar_Stdout            0x200000d8   0x48  Data  Gb  xfiles.o [3]
__iar_Strchr            0x08001171         Code  Gb  strchr.o [5]
__iar_close_ttio        0x08001e5d   0x2c  Code  Gb  iarttio.o [6]
__iar_dadd              0x08001979         Code  Gb  DblSub.o [4]
__iar_data_init3        0x08005d2d   0x28  Code  Gb  data_init.o [5]
__iar_dsub              0x08001ce1         Code  Gb  DblAdd.o [4]
__iar_dsubStart         0x08001cf3         Code  Gb  DblAdd.o [4]
__iar_frexp             0x08001709         Code  Gb  frexp.o [4]
__iar_frexp64           0x080016fd         Code  Gb  frexp.o [4]
__iar_frexpl            0x08001709         Code  Gb  frexp.o [4]
__iar_get_ttio          0x08001e89   0x4c  Code  Gb  iarttio.o [6]
__iar_globLocale        0x20000048   0x48  Data  Lc  xlocale_c.o [3]
__iar_global_Locale     0x080010fd    0x4  Code  Gb  xlocale_c.o [3]
__iar_ldexp64           0x080017cd         Code  Gb  ldexp.o [4]
__iar_lookup_ttioh      0x08001f07    0x4  Code  Gb  XShttio.o [3]
__iar_lz77_init_single3
                        0x08001083   0x7a  Code  Gb  lz77_init_single.o [5]
__iar_program_start     0x08005df1         Code  Gb  cstartup_M.o [5]
__iar_scalbln64         0x080017cd         Code  Gb  ldexp.o [4]
__iar_scalbn64          0x080017cd         Code  Gb  ldexp.o [4]
__iar_sh_Discard        0x08005885   0x42  Code  Gb  XShHandles.o [3]
__iar_sh_Move           0x080058c7   0x46  Code  Gb  XShHandles.o [3]
__iar_sh_Pos            0x0800590d   0x3e  Code  Gb  XShHandles.o [3]
__iar_sh_stdout         0x0800596f   0x20  Code  Gb  iarwstd.o [6]
__iar_sh_write          0x0800598f   0x22  Code  Gb  iarwrite.o [6]
__iar_systems$$module {Abs}
                        0x00000001         Data  Gb  command line/config [2]
__iar_ttio_guard_lock   0x08001ed9   0x1e  Code  Gb  XShttio.o [3]
__iar_ttio_guard_unlock
                        0x08001ef7   0x10  Code  Gb  XShttio.o [3]
__iar_ttio_handles      0x20000188    0x8  Data  Lc  XShttio.o [3]
__iar_zero_init3        0x08005cb1   0x40  Code  Gb  zero_init3.o [5]
__low_level_init        0x08005d93    0x4  Code  Gb  low_level_init.o [3]
__lseek                 0x08005829   0x4a  Code  Gb  lseek.o [6]
__vector_table          0x08000000         Data  Gb  startup_stm32f103xb.o [1]
__write                 0x08005873   0x10  Code  Gb  write.o [6]
_call_main              0x08005d81         Code  Gb  cmain.o [5]
_exit                   0x08005d9d         Code  Gb  cexit.o [5]
_gLocale_mblen          0x0800115d    0x4  Code  Gb  xlocale_c.o [3]
_gLocale_mblenInt       0x08001125   0x34  Code  Gb  xlocale_c.o [3]
_gLocale_wctomb         0x08001161    0x4  Code  Gb  xlocale_c.o [3]
_gLocale_wctombInt      0x08001159    0x4  Code  Gb  xlocale_c.o [3]
_main                   0x08005d8f         Code  Gb  cmain.o [5]
abort                   0x08001cd7    0x6  Code  Gb  abort.o [3]
cmdTaskHandle           0x200012ec    0x4  Data  Gb  freertos.o [1]
ebuf                    0x20000fdc   0x50  Data  Lc  xfiles.o [3]
exit                    0x08005d97    0x4  Code  Gb  exit.o [3]
fclose                  0x08005a89   0x7e  Code  Gb  fclose.o [3]
fflush                  0x080057e5   0x34  Code  Gb  fflush.o [3]
fflushOne               0x08005771   0x74  Code  Lc  fflush.o [3]
fputc                   0x08005c11   0x54  Code  Gb  fputc.o [3]
free                    0x08005b85    0x4  Code  Gb  heaptramp0.o [3]
frexp                   0x080016fd         Code  Gb  frexp.o [4]
frexpl                  0x080016fd         Code  Gb  frexp.o [4]
fseek                   0x08005a65   0x24  Code  Gb  fseek.o [3]
hadc1                   0x200012b8   0x30  Data  Gb  adc.o [1]
hdma_usart1_rx          0x20000ed4   0x44  Data  Gb  usart.o [1]
hdma_usart1_tx          0x20000f18   0x44  Data  Gb  usart.o [1]
helloTaskHandle         0x200012e8    0x4  Data  Gb  freertos.o [1]
htim1                   0x200010fc   0x40  Data  Gb  tim.o [1]
htim2                   0x2000113c   0x40  Data  Gb  tim.o [1]
htim3                   0x2000117c   0x40  Data  Gb  tim.o [1]
htim4                   0x200010bc   0x40  Data  Gb  stm32f1xx_hal_timebase_TIM.o [1]
huart1                  0x200011bc   0x40  Data  Gb  usart.o [1]
huart2                  0x200011fc   0x40  Data  Gb  usart.o [1]
huart3                  0x2000123c   0x40  Data  Gb  usart.o [1]
ldexp                   0x080017cd         Code  Gb  ldexp.o [4]
ldexpl                  0x080017cd         Code  Gb  ldexp.o [4]
localeconv              0x08001165    0x4  Code  Gb  xlocale_c.o [3]
main                    0x08003b65   0x38  Code  Gb  main.o [1]
makeFreeRtosPriority    0x08004519    0xc  Code  Lc  cmsis_os.o [1]
memchr                  0x0800121d         Code  Gb  memchr.o [5]
myTimer01Handle         0x200012f0    0x4  Data  Gb  freertos.o [1]
myTimer02Handle         0x200012f4    0x4  Data  Gb  freertos.o [1]
myTimer03Handle         0x200012f8    0x4  Data  Gb  freertos.o [1]
obuf                    0x2000102c   0x50  Data  Lc  xfiles.o [3]
osDelay                 0x0800455d    0xe  Code  Gb  cmsis_os.o [1]
osKernelStart           0x08004525    0xa  Code  Gb  cmsis_os.o [1]
osMutexCreate           0x08004585    0x6  Code  Gb  cmsis_os.o [1]
osSystickHandler        0x08004591   0x14  Code  Gb  cmsis_os.o [1]
osThreadCreate          0x0800452f   0x2e  Code  Gb  cmsis_os.o [1]
osTimerCreate           0x0800456b   0x1a  Code  Gb  cmsis_os.o [1]
printf                  0x080054f1   0x28  Code  Gb  printf.o [3]
prvAddCurrentTaskToDelayedList
                        0x08002639   0x64  Code  Lc  tasks.o [1]
prvAddNewTaskToReadyList
                        0x08001fe5   0xa6  Code  Lc  tasks.o [1]
prvCheckForValidListAndQueue
                        0x08002d99   0x46  Code  Lc  timers.o [1]
prvCopyDataFromQueue    0x08003319   0x28  Code  Lc  queue.o [1]
prvCopyDataToQueue      0x080032b1   0x68  Code  Lc  queue.o [1]
prvDeleteTCB            0x0800247f   0x14  Code  Lc  tasks.o [1]
prvIdleTask             0x08002419   0x60  Code  Lc  tasks.o [1]
prvInitialiseNewQueue   0x08002f31   0x16  Code  Lc  queue.o [1]
prvInitialiseNewTask    0x08001f6d   0x78  Code  Lc  tasks.o [1]
prvInitialiseNewTimer   0x08002afb   0x3a  Code  Lc  timers.o [1]
prvInsertBlockIntoFreeList
                        0x0800281b   0x46  Code  Lc  heap_4.o [1]
prvInsertTimerInActiveList
                        0x08002cbb   0x34  Code  Lc  timers.o [1]
prvIsQueueEmpty         0x080033a5   0x16  Code  Lc  queue.o [1]
prvProcessReceivedCommands
                        0x08002cf1   0xa6  Code  Lc  timers.o [1]
prvProcessTimerOrBlockTask
                        0x08002b9b   0x98  Code  Lc  timers.o [1]
prvResetNextTaskUnblockTime
                        0x08002493   0x1c  Code  Lc  tasks.o [1]
prvSampleTimeNow        0x08002c33   0x78  Code  Lc  timers.o [1]
prvSampleTimeNow::xLastTime
                        0x2000128c    0x4  Data  Lc  timers.o [1]
prvTaskExitError        0x08002919   0x28  Code  Lc  port.o [1]
prvTimerTask            0x08002b7d   0x1e  Code  Lc  timers.o [1]
prvUnlockQueue          0x08003341   0x64  Code  Lc  queue.o [1]
putchar                 0x08005dc1    0xc  Code  Gb  putchar.o [3]
pvPortMalloc            0x080026b5  0x104  Code  Gb  heap_4.o [1]
pvTaskIncrementMutexHeldCount
                        0x080025cf   0x14  Code  Gb  tasks.o [1]
pxCurrentTCB            0x20000dd0    0x4  Data  Gb  tasks.o [1]
pxCurrentTimerList      0x2000127c    0x4  Data  Lc  timers.o [1]
pxDelayedTaskList       0x20000dd4    0x4  Data  Lc  tasks.o [1]
pxEnd                   0x20000198    0x4  Data  Lc  heap_4.o [1]
pxOverflowDelayedTaskList
                        0x20000dd8    0x4  Data  Lc  tasks.o [1]
pxOverflowTimerList     0x20001280    0x4  Data  Lc  timers.o [1]
pxPortInitialiseStack   0x080028f9   0x20  Code  Gb  port.o [1]
pxReadyTasksLists       0x20000e48   0x8c  Data  Lc  tasks.o [1]
remove                  0x08005ba1   0x14  Code  Gb  remove.o [6]
sFileInfo               0x20000f5c   0x80  Data  Lc  XShHandles.o [3]
scalbln                 0x080017cd         Code  Gb  ldexp.o [4]
scalblnl                0x080017cd         Code  Gb  ldexp.o [4]
scalbn                  0x080017cd         Code  Gb  ldexp.o [4]
scalbnl                 0x080017cd         Code  Gb  ldexp.o [4]
scale                   0x080008eb   0x46  Code  Lc  xprintffull.o [3]
sec_hand                0x2000130c    0x4  Data  Lc  xfail_s.o [3]
sendCmdHandle           0x200012fc    0x4  Data  Gb  freertos.o [1]
strchr                  0x08001171         Code  Gb  strchr.o [5]
strlen                  0x080011e5         Code  Gb  strlen.o [5]
ttio_guard              0x20001314    0x1  Data  Lc  XShttio.o [3]
ucHeap                  0x200001a8  0xc00  Data  Lc  heap_4.o [1]
ucMaxSysCallPriority    0x20000000    0x1  Data  Lc  port.o [1]
ulMaxPRIGROUPValue      0x20000008    0x4  Data  Lc  port.o [1]
uwTick                  0x20001308    0x4  Data  Gb  stm32f1xx_hal.o [1]
uxCriticalNesting       0x20000004    0x4  Data  Lc  port.o [1]
uxCurrentNumberOfTasks  0x20000df4    0x4  Data  Lc  tasks.o [1]
uxDeletedTasksWaitingCleanUp
                        0x20000ddc    0x4  Data  Lc  tasks.o [1]
uxListRemove            0x080028d3   0x24  Code  Gb  list.o [1]
uxPendedTicks           0x20000e04    0x4  Data  Lc  tasks.o [1]
uxSchedulerSuspended    0x20000e18    0x4  Data  Lc  tasks.o [1]
uxTaskNumber            0x20000e10    0x4  Data  Lc  tasks.o [1]
uxTopReadyPriority      0x20000dfc    0x4  Data  Lc  tasks.o [1]
vListInitialise         0x08002869   0x1a  Code  Gb  list.o [1]
vListInitialiseItem     0x08002883    0x6  Code  Gb  list.o [1]
vListInsert             0x080028a1   0x32  Code  Gb  list.o [1]
vListInsertEnd          0x08002889   0x18  Code  Gb  list.o [1]
vPortEnterCritical      0x080029a5   0x32  Code  Gb  port.o [1]
vPortExitCritical       0x080029d7   0x22  Code  Gb  port.o [1]
vPortFree               0x080027c7   0x46  Code  Gb  heap_4.o [1]
vPortStartFirstTask     0x08002e5f         Code  Gb  portasm.o [1]
vPortValidateInterruptPriority
                        0x08002a21   0x42  Code  Gb  port.o [1]
vQueueAddToRegistry     0x080033bb   0x20  Code  Gb  queue.o [1]
vQueueWaitForMessageRestricted
                        0x080033e5   0x48  Code  Gb  queue.o [1]
vTaskDelay              0x0800208b   0x2a  Code  Gb  tasks.o [1]
vTaskMissedYield        0x0800240d    0xa  Code  Gb  tasks.o [1]
vTaskPlaceOnEventList   0x080022ed   0x14  Code  Gb  tasks.o [1]
vTaskPlaceOnEventListRestricted
                        0x08002305   0x1e  Code  Gb  tasks.o [1]
vTaskPriorityInherit    0x080024c7   0x76  Code  Gb  tasks.o [1]
vTaskSetTimeOutState    0x08002395   0x20  Code  Gb  tasks.o [1]
vTaskStartScheduler     0x080020c5   0x5c  Code  Gb  tasks.o [1]
vTaskSuspendAll         0x08002121    0xc  Code  Gb  tasks.o [1]
vTaskSwitchContext      0x08002297   0x56  Code  Gb  tasks.o [1]
xActiveTimerList1       0x20001290   0x14  Data  Lc  timers.o [1]
xActiveTimerList2       0x200012a4   0x14  Data  Lc  timers.o [1]
xBlockAllocatedBit      0x200001a4    0x4  Data  Lc  heap_4.o [1]
xDelayedTaskList1       0x20000e1c   0x14  Data  Lc  tasks.o [1]
xDelayedTaskList2       0x20000e30   0x14  Data  Lc  tasks.o [1]
xFreeBytesRemaining     0x2000019c    0x4  Data  Lc  heap_4.o [1]
xIdleTaskHandle         0x20000e44    0x4  Data  Lc  tasks.o [1]
xMinimumEverFreeBytesRemaining
                        0x200001a0    0x4  Data  Lc  heap_4.o [1]
xNextTaskUnblockTime    0x20000e14    0x4  Data  Lc  tasks.o [1]
xNumOfOverflows         0x20000e0c    0x4  Data  Lc  tasks.o [1]
xPendingReadyList       0x20000da8   0x14  Data  Lc  tasks.o [1]
xPortStartScheduler     0x08002941   0x64  Code  Gb  port.o [1]
xPortSysTickHandler     0x080029f9   0x26  Code  Gb  port.o [1]
xQueueCreateMutex       0x08002f47   0x24  Code  Gb  queue.o [1]
xQueueGenericCreate     0x08002ef9   0x38  Code  Gb  queue.o [1]
xQueueGenericReceive    0x0800313f  0x14e  Code  Gb  queue.o [1]
xQueueGenericReset      0x08002e81   0x78  Code  Gb  queue.o [1]
xQueueGenericSend       0x08002f6b  0x136  Code  Gb  queue.o [1]
xQueueGenericSendFromISR
                        0x080030a1   0x8a  Code  Gb  queue.o [1]
xQueueRegistry          0x2000107c   0x40  Data  Gb  queue.o [1]
xSchedulerRunning       0x20000e00    0x4  Data  Lc  tasks.o [1]
xStart                  0x20000190    0x8  Data  Lc  heap_4.o [1]
xSuspendedTaskList      0x20000de0   0x14  Data  Lc  tasks.o [1]
xTaskCheckForTimeOut    0x080023b5   0x58  Code  Gb  tasks.o [1]
xTaskCreate             0x08001f15   0x58  Code  Gb  tasks.o [1]
xTaskGetSchedulerState  0x080024af   0x18  Code  Gb  tasks.o [1]
xTaskGetTickCount       0x080021d1    0x8  Code  Gb  tasks.o [1]
xTaskIncrementTick      0x080021d9   0xbe  Code  Gb  tasks.o [1]
xTaskPriorityDisinherit
                        0x0800253d   0x82  Code  Gb  tasks.o [1]
xTaskRemoveFromEventList
                        0x08002341   0x4e  Code  Gb  tasks.o [1]
xTaskResumeAll          0x0800212d   0x9c  Code  Gb  tasks.o [1]
xTasksWaitingTermination
                        0x20000dbc   0x14  Data  Lc  tasks.o [1]
xTickCount              0x20000df8    0x4  Data  Lc  tasks.o [1]
xTimerCreate            0x08002acd   0x2e  Code  Gb  timers.o [1]
xTimerCreateTimerTask   0x08002a9d   0x30  Code  Gb  timers.o [1]
xTimerGenericCommand    0x08002b35   0x48  Code  Gb  timers.o [1]
xTimerQueue             0x20001284    0x4  Data  Lc  timers.o [1]
xTimerTaskHandle        0x20001288    0x4  Data  Lc  timers.o [1]
xYieldPending           0x20000e08    0x4  Data  Lc  tasks.o [1]


[1] = C:\Users\orange\Desktop\CH_PRO_IAR\CH_PRO\EWARM\CH_PRO\Obj
[2] = command line
[3] = dl7M_tlf.a
[4] = m7M_tl.a
[5] = rt7M_tl.a
[6] = shb_l.a

  24 158 bytes of readonly  code memory
     210 bytes of readonly  data memory
   6 421 bytes of readwrite data memory

Errors: none
Warnings: none
